TemplateDoesNotExist    wp-content/uploads/2016/10/kzeso-6.jp.html
/static/wp-content/plugins/js_composer/assets/css/js_composer_tta.min.css   catalog/dvuhdorozhnaya-tehnika/
/wp-content/plugins/revslider/public/assets/js/extensions/revolution.extension.navigation.min.js?version=5.4.8
/static/wp-content/plugins/js_composer/assets/css/js_composer_tta.min.css
